// Jest Snapshot v1, https://goo.gl/fbAQLP

exports[`<NavBar> renders a default view 1`] = `
<div
  className="w-100 overflow-hidden h3 bg-moon-gray flex items-center"
>
  <div
    className="h2 w2 bg-mid-gray br-100 mh3"
  />
  <h1
    className="f4 mid-gray"
  >
    SQDN NAME
  </h1>
</div>
`;
